2026-09-14 15:43:41,636 - aqt.main - INFO - installer 70064 aqtinstall(aqt) v3.3.0 on Python 3.12.11 [CPython MSC v.1944 64 bit (AMD64)]
2026-09-14 15:43:41,637 - aqt.helper - DEBUG - helper 70064 Attempt to download checksum at https://download.qt.io/online/qtsdkrepository/windows_x86/desktop/qt6_683/qt6_683/Updates.xml.sha256
2026-09-14 15:43:43,386 - aqt.helper - DEBUG - helper 70064 Attempt to download checksum at https://download.qt.io/online/qtsdkrepository/windows_x86/extensions/qtwebengine/683/msvc2022_64/Updates.xml.sha256
2026-09-14 15:43:44,835 - aqt.archives - INFO - archives 70064 Found extension qtwebengine
2026-09-14 15:43:44,836 - aqt.helper - DEBUG - helper 70064 Attempt to download checksum at https://download.qt.io/online/qtsdkrepository/windows_x86/extensions/qtpdf/683/msvc2022_64/Updates.xml.sha256
2026-09-14 15:43:46,291 - aqt.archives - INFO - archives 70064 Found extension qtpdf
2026-09-14 15:43:46,965 - aqt.helper - DEBUG - helper 50164 Attempt to download checksum at https://download.qt.io/online/qtsdkrepository/windows_x86/desktop/qt6_683/qt6_683/qt.qt6.683.win64_msvc2022_64/6.8.3-0-202503201308qtbase-Windows-Windows_11_23H2-MSVC2022-Windows-Windows_11_23H2-X86_64.7z.sha256
2026-09-14 15:43:47,758 - aqt.helper - INFO - helper 50164 Downloading qtbase...
2026-09-14 15:43:47,760 - aqt.installer - DEBUG - installer 50164 Download URL: https://download.qt.io/online/qtsdkrepository/windows_x86/desktop/qt6_683/qt6_683/qt.qt6.683.win64_msvc2022_64/6.8.3-0-202503201308qtbase-Windows-Windows_11_23H2-MSVC2022-Windows-Windows_11_23H2-X86_64.7z
2026-09-14 15:43:48,485 - aqt.helper - DEBUG - helper 50164 Asked to redirect(302) to: https://qt.mirror.constant.com/online/qtsdkrepository/windows_x86/desktop/qt6_683/qt6_683/qt.qt6.683.win64_msvc2022_64/6.8.3-0-202503201308qtbase-Windows-Windows_11_23H2-MSVC2022-Windows-Windows_11_23H2-X86_64.7z
2026-09-14 15:43:48,485 - aqt.helper - INFO - helper 50164 Redirected: qt.mirror.constant.com
2026-09-14 15:44:04,556 - aqt.installer - INFO - installer 50164 Finished installation of qtbase-Windows-Windows_11_23H2-MSVC2022-Windows-Windows_11_23H2-X86_64.7z in 17.59295490
2026-09-14 15:44:04,899 - aqt.updater - INFO - updater 70064 Patching local\Qt\6.8.3\msvc2022_64\bin\qmake.exe
2026-09-14 15:44:04,902 - aqt.updater - INFO - updater 70064 Patching local\Qt\6.8.3\msvc2022_64\lib\Qt6Concurrent.prl
2026-09-14 15:44:04,910 - aqt.updater - INFO - updater 70064 Patching local\Qt\6.8.3\msvc2022_64\lib\Qt6Concurrentd.prl
2026-09-14 15:44:04,919 - aqt.updater - INFO - updater 70064 Patching local\Qt\6.8.3\msvc2022_64\lib\Qt6Core.prl
2026-09-14 15:44:04,925 - aqt.updater - INFO - updater 70064 Patching local\Qt\6.8.3\msvc2022_64\lib\Qt6Cored.prl
2026-09-14 15:44:04,932 - aqt.updater - INFO - updater 70064 Patching local\Qt\6.8.3\msvc2022_64\lib\Qt6DBus.prl
2026-09-14 15:44:04,936 - aqt.updater - INFO - updater 70064 Patching local\Qt\6.8.3\msvc2022_64\lib\Qt6DBusd.prl
2026-09-14 15:44:04,943 - aqt.updater - INFO - updater 70064 Patching local\Qt\6.8.3\msvc2022_64\lib\Qt6DeviceDiscoverySupport.prl
2026-09-14 15:44:04,949 - aqt.updater - INFO - updater 70064 Patching local\Qt\6.8.3\msvc2022_64\lib\Qt6DeviceDiscoverySupportd.prl
2026-09-14 15:44:04,956 - aqt.updater - INFO - updater 70064 Patching local\Qt\6.8.3\msvc2022_64\lib\Qt6EntryPoint.prl
2026-09-14 15:44:04,962 - aqt.updater - INFO - updater 70064 Patching local\Qt\6.8.3\msvc2022_64\lib\Qt6EntryPointd.prl
2026-09-14 15:44:04,969 - aqt.updater - INFO - updater 70064 Patching local\Qt\6.8.3\msvc2022_64\lib\Qt6ExampleIcons.prl
2026-09-14 15:44:04,975 - aqt.updater - INFO - updater 70064 Patching local\Qt\6.8.3\msvc2022_64\lib\Qt6ExampleIconsd.prl
2026-09-14 15:44:04,982 - aqt.updater - INFO - updater 70064 Patching local\Qt\6.8.3\msvc2022_64\lib\Qt6ExamplesAssetDownloader.prl
2026-09-14 15:44:04,990 - aqt.updater - INFO - updater 70064 Patching local\Qt\6.8.3\msvc2022_64\lib\Qt6ExamplesAssetDownloaderd.prl
2026-09-14 15:44:04,997 - aqt.updater - INFO - updater 70064 Patching local\Qt\6.8.3\msvc2022_64\lib\Qt6FbSupport.prl
2026-09-14 15:44:05,005 - aqt.updater - INFO - updater 70064 Patching local\Qt\6.8.3\msvc2022_64\lib\Qt6FbSupportd.prl
2026-09-14 15:44:05,012 - aqt.updater - INFO - updater 70064 Patching local\Qt\6.8.3\msvc2022_64\lib\Qt6Gui.prl
2026-09-14 15:44:05,018 - aqt.updater - INFO - updater 70064 Patching local\Qt\6.8.3\msvc2022_64\lib\Qt6Guid.prl
2026-09-14 15:44:05,025 - aqt.updater - INFO - updater 70064 Patching local\Qt\6.8.3\msvc2022_64\lib\Qt6Network.prl
2026-09-14 15:44:05,030 - aqt.updater - INFO - updater 70064 Patching local\Qt\6.8.3\msvc2022_64\lib\Qt6Networkd.prl
2026-09-14 15:44:05,037 - aqt.updater - INFO - updater 70064 Patching local\Qt\6.8.3\msvc2022_64\lib\Qt6OpenGL.prl
2026-09-14 15:44:05,043 - aqt.updater - INFO - updater 70064 Patching local\Qt\6.8.3\msvc2022_64\lib\Qt6OpenGLd.prl
2026-09-14 15:44:05,050 - aqt.updater - INFO - updater 70064 Patching local\Qt\6.8.3\msvc2022_64\lib\Qt6OpenGLWidgets.prl
2026-09-14 15:44:05,056 - aqt.updater - INFO - updater 70064 Patching local\Qt\6.8.3\msvc2022_64\lib\Qt6OpenGLWidgetsd.prl
2026-09-14 15:44:05,062 - aqt.updater - INFO - updater 70064 Patching local\Qt\6.8.3\msvc2022_64\lib\Qt6PrintSupport.prl
2026-09-14 15:44:05,070 - aqt.updater - INFO - updater 70064 Patching local\Qt\6.8.3\msvc2022_64\lib\Qt6PrintSupportd.prl
2026-09-14 15:44:05,078 - aqt.updater - INFO - updater 70064 Patching local\Qt\6.8.3\msvc2022_64\lib\Qt6Sql.prl
2026-09-14 15:44:05,085 - aqt.updater - INFO - updater 70064 Patching local\Qt\6.8.3\msvc2022_64\lib\Qt6Sqld.prl
2026-09-14 15:44:05,092 - aqt.updater - INFO - updater 70064 Patching local\Qt\6.8.3\msvc2022_64\lib\Qt6Test.prl
2026-09-14 15:44:05,098 - aqt.updater - INFO - updater 70064 Patching local\Qt\6.8.3\msvc2022_64\lib\Qt6Testd.prl
2026-09-14 15:44:05,106 - aqt.updater - INFO - updater 70064 Patching local\Qt\6.8.3\msvc2022_64\lib\Qt6Widgets.prl
2026-09-14 15:44:05,112 - aqt.updater - INFO - updater 70064 Patching local\Qt\6.8.3\msvc2022_64\lib\Qt6Widgetsd.prl
2026-09-14 15:44:05,119 - aqt.updater - INFO - updater 70064 Patching local\Qt\6.8.3\msvc2022_64\lib\Qt6Xml.prl
2026-09-14 15:44:05,126 - aqt.updater - INFO - updater 70064 Patching local\Qt\6.8.3\msvc2022_64\lib\Qt6Xmld.prl
2026-09-14 15:44:05,135 - aqt.main - INFO - installer 70064 Finished installation
2026-09-14 15:44:05,135 - aqt.main - INFO - installer 70064 Time elapsed: 23.49876530 second
